// Jest Snapshot v1, https://goo.gl/fbAQLP

exports[`login.vue login matches snapshot test. 1`] = `
VueWrapper {
  "_emitted": Object {},
  "_emittedByOrder": Array [],
  "isFunctionalComponent": undefined,
}
`;
